// Jest Snapshot v1, https://goo.gl/fbAQLP

exports[`should render Dashboard page correcly 1`] = `
<div>
  Dashboard page contents
</div>
`;
